<html>
<body>
<pre>
<h1>µVision Build Log</h1>
<h2>Tool Versions:</h2>
IDE-Version: ¦ÌVision V5.31.0.0
Copyright (C) 2020 ARM Ltd and ARM Germany GmbH. All rights reserved.
License Information: 1 1, 1, LIC=NHY12-9GTL2-8VG1H-W85N4-KTD5P-H13ZI
 
Tool Versions:
Toolchain:       MDK-ARM Professional  Version: 5.31.0.0
Toolchain Path:  D:\keil5\ARM\ARMCC\Bin
C Compiler:      Armcc.exe V5.06 update 6 (build 750)
Assembler:       Armasm.exe V5.06 update 6 (build 750)
Linker/Locator:  ArmLink.exe V5.06 update 6 (build 750)
Library Manager: ArmAr.exe V5.06 update 6 (build 750)
Hex Converter:   FromElf.exe V5.06 update 6 (build 750)
CPU DLL:         SARMCM3.DLL V5.31.0.0
Dialog DLL:      DCM.DLL V1.17.3.0
Target DLL:      CMSIS_AGDI.dll V1.32.6.0
Dialog DLL:      TCM.DLL V1.46.0.0
 
<h2>Project:</h2>
E:\»úÆ÷ÈË\joy\ÊÖ±ú\temple.uvprojx
Project File Date:  02/24/2021

<h2>Output:</h2>
*** Using Compiler 'V5.06 update 6 (build 750)', folder: 'D:\keil5\ARM\ARMCC\Bin'
Rebuild target 'Target 1'
assembling startup_stm32f10x_md.s...
compiling stm32f10x_gpio.c...
compiling misc.c...
compiling stm32f10x_it.c...
compiling stm32f10x_exti.c...
compiling stm32f10x_rcc.c...
compiling main.c...
User\main.c(98): warning:  #177-D: variable "key"  was declared but never referenced
  		u8 key,mode;
User\main.c(98): warning:  #177-D: variable "mode"  was declared but never referenced
  		u8 key,mode;
User\main.c(99): warning:  #177-D: variable "t"  was declared but never referenced
  	  u16 t=0;			 
User\main.c(101): warning:  #177-D: variable "lex"  was declared but never referenced
    	char lex[6];
User\main.c(102): warning:  #177-D: variable "x"  was declared but never referenced
  		int x;
User\main.c: 5 warnings, 0 errors
compiling stm32f10x_usart.c...
compiling stm32f10x_tim.c...
compiling core_cm3.c...
compiling stm32f10x_rtc.c...
compiling stm32f10x_dma.c...
compiling stm32f10x_spi.c...
compiling stm32f10x_adc.c...
compiling led.c...
compiling system_stm32f10x.c...
compiling oled.c...
compiling iic.c...
compiling timer.c...
compiling exti.c...
compiling Control_Task.c...
compiling key.c...
compiling pwm.c...
compiling spi.c...
compiling joy.c...
compiling 24l01.c...
compiling system.c...
compiling SysTick.c...
compiling usart.c...
linking...
Program Size: Code=8256 RO-data=2352 RW-data=1056 ZI-data=1024  
FromELF: creating hex file...
".\Obj\temple.axf" - 0 Error(s), 5 Warning(s).

<h2>Software Packages used:</h2>

Package Vendor: HKMicroChip
                http://www.hsxp-hk.com/companyfile/2/HKMicroChip.HK32F1xx_DFP.1.0.6.pack
                HKMicroChip.HK32F1xx_DFP.1.0.6
                HKMicroChip HK32F1 ARM Cortex-M3 Device Family Pack Device Support

<h2>Collection of Component include folders:</h2>

<h2>Collection of Component Files used:</h2>
Build Time Elapsed:  00:00:04
</pre>
</body>
</html>
